// Jest Snapshot v1, https://goo.gl/fbAQLP

exports[`renders correctly 1`] = `
<button
  className="button incrementButton"
  onClick={[Function]}
>
  <span
    className="duration"
  >
    6
  </span>
  <span
    className="unit"
  >
    s
  </span>
</button>
`;
